// Jest Snapshot v1, https://goo.gl/fbAQLP

exports[`renders Populer component correctly 1`] = `
<View
  style={
    Array [
      Object {
        "backgroundColor": "white",
        "borderRadius": 14,
        "elevation": 10,
        "height": 350,
        "marginBottom": 20,
        "marginLeft": 10,
        "marginRight": 10,
        "marginTop": 10,
        "width": 390,
      },
    ]
  }
>
  <View
    style={
      Array [
        Object {
          "height": 200,
          "width": "100%",
        },
      ]
    }
  >
    <Image
      source={
        Object {
          "uri": "http://lorempixel.com/640/480",
        }
      }
      style={
        Array [
          Object {
            "borderTopLeftRadius": 14,
            "borderTopRightRadius": 14,
            "height": "100%",
            "left": 0,
            "position": "absolute",
            "top": 0,
            "width": "100%",
          },
        ]
      }
    />
  </View>
  <View
    style={
      Array [
        Object {
          "paddingBottom": 20,
          "paddingLeft": 20,
          "paddingRight": 20,
          "paddingTop": 20,
        },
      ]
    }
  >
    <Text
      numberOfLines={2}
      style={
        Array [
          Object {
            "fontFamily": "Domine Bold",
            "fontSize": 24,
            "fontWeight": "bold",
          },
        ]
      }
    >
      Testing title
    </Text>
    <Text
      style={
        Array [
          Object {
            "color": "#b8bece",
            "fontFamily": "Domine Bold",
            "fontSize": 15,
            "fontWeight": "600",
            "marginTop": 2,
          },
        ]
      }
    >
      Radi Rasadi
    </Text>
    <Text
      style={
        Array [
          Object {
            "color": "#b8bece",
            "fontSize": 15,
            "fontWeight": "600",
            "marginTop": 2,
          },
        ]
      }
    />
  </View>
</View>
`;
