// Jest Snapshot v1, https://goo.gl/fbAQLP

exports[`renders Icon component correctly 1`] = `
<Text
  allowFontScaling={false}
  style={
    Array [
      Object {
        "color": "#fff",
        "fontSize": 0,
      },
      Array [
        Object {},
      ],
      Object {
        "fontFamily": "Ionicons",
        "fontStyle": "normal",
        "fontWeight": "normal",
      },
      Object {},
    ]
  }
>
  ï„‚
</Text>
`;
